
> tec-sale-frontend@1.0.0 build
> vite build

vite v5.4.21 building for production...
transforming...
✓ 104 modules transformed.
x Build failed in 350ms
error during build:
src/pages/Login.jsx (3:9): "login" is not exported by "src/api.js", imported by "src/pages/Login.jsx".
file: /Users/nikhiltibrewala/.gemini/antigravity/playground/tec-sale-mount/frontend/src/pages/Login.jsx:3:9

1: import { useState } from 'react'
2: import { useNavigate } from 'react-router-dom'
3: import { login } from '../api'
            ^
4: 
5: export default function Login() {

    at getRollupError (file:///Users/nikhiltibrewala/.gemini/antigravity/playground/tec-sale-mount/frontend/node_modules/rollup/dist/es/shared/parseAst.js:406:41)
    at error (file:///Users/nikhiltibrewala/.gemini/antigravity/playground/tec-sale-mount/frontend/node_modules/rollup/dist/es/shared/parseAst.js:402:42)
    at Module.error (file:///Users/nikhiltibrewala/.gemini/antigravity/playground/tec-sale-mount/frontend/node_modules/rollup/dist/es/shared/node-entry.js:17380:16)
    at Module.traceVariable (file:///Users/nikhiltibrewala/.gemini/antigravity/playground/tec-sale-mount/frontend/node_modules/rollup/dist/es/shared/node-entry.js:17813:29)
    at ModuleScope.findVariable (file:///Users/nikhiltibrewala/.gemini/antigravity/playground/tec-sale-mount/frontend/node_modules/rollup/dist/es/shared/node-entry.js:15403:39)
    at FunctionScope.findVariable (file:///Users/nikhiltibrewala/.gemini/antigravity/playground/tec-sale-mount/frontend/node_modules/rollup/dist/es/shared/node-entry.js:5676:38)
    at FunctionBodyScope.findVariable (file:///Users/nikhiltibrewala/.gemini/antigravity/playground/tec-sale-mount/frontend/node_modules/rollup/dist/es/shared/node-entry.js:5676:38)
    at ReturnValueScope.findVariable (file:///Users/nikhiltibrewala/.gemini/antigravity/playground/tec-sale-mount/frontend/node_modules/rollup/dist/es/shared/node-entry.js:5676:38)
    at FunctionBodyScope.findVariable (file:///Users/nikhiltibrewala/.gemini/antigravity/playground/tec-sale-mount/frontend/node_modules/rollup/dist/es/shared/node-entry.js:5676:38)
    at BlockScope.findVariable (file:///Users/nikhiltibrewala/.gemini/antigravity/playground/tec-sale-mount/frontend/node_modules/rollup/dist/es/shared/node-entry.js:5676:38)
